// Jest Snapshot v1, https://goo.gl/fbAQLP

exports[`<Card /> renders the UI as expected 1`] = `
<div
  className="Card"
>
  <button
    type="button"
  >
     delete the internet
  </button>
  <h3>
    Card title
  </h3>
  <p>
     
    Card content
  </p>
</div>
`;
